Merriam-Webster's Word of the Day for March 12, 2014 is: artless \AHRT-lus\ adjective

1 : lacking art, knowledge, or skill : uncultured 2 a : made without skill : crude b : free from artificiality : natural 3 : free from guile or craft : sincerely simple 

Examples:

The senator's folksy demeanor and seemingly artless candor belie the man's shrewd and calculating political sensibilities. 



"'Pat and Dick' is in many ways a rather artless book, and its prose offers precious few pleasures, but it does open a crack wider the window into a marriage that has interested and puzzled this country for a long time and doubtless will continue to do so far longer."  From a review by Jonathan Yardley in The Washington Post, January 26, 2014

Did you know?

"Artless," "ingenuous," and "naive" all refer to freedom from pretension or calculation, but there are subtle differences in their uses. "Ingenuous" implies an inability to disguise or conceal one's feelings, while "naive" suggests a credulous lack of worldly wisdom. "Artless" generally indicates an appearance of utter naturalness, one in which a person is (or seems to be) innocent of the effect of his or her speech or behavior on others.



